// Jest Snapshot v1, https://goo.gl/fbAQLP

exports[`contexts >> AlertContext should call the default values: without-provider 1`] = `
<div>
  <button>
    Open
  </button>
  <button>
    Close
  </button>
</div>
`;

exports[`contexts >> AlertContext should call the provided functions: with-provider 1`] = `
<div>
  <button>
    Open
  </button>
  <button>
    Close
  </button>
</div>
`;
