// Jest Snapshot v1, https://goo.gl/fbAQLP

exports[`components >> Hero should render the Hero component properly: Hero-default 1`] = `
<div>
  <div
    class=""
  >
    <section
      class="mx-auto md:mx-4 max-w-7xl lg:px-8 self-center"
    >
      <div
        class="font-josefin text-white flex flex-col items-start"
      >
        <div
          class="text-4xl md:text-6xl font-bold md:w-4/6 mx-2 text-center md:text-left shadow"
        >
          <p>
            How about learning something new
          </p>
          <p
            class="text-primary-light"
          >
            while you're having fun?
          </p>
        </div>
        <div
          class="mb-6"
        >
          <p
            class="text-lg mx-2 text-center md:text-left shadow"
          >
            <span
              class="font-bold"
            >
              Ghost Town 
            </span>
            <span
              class="font-light"
            >
              is a new way to gamify education using the full power of WebGL
            </span>
          </p>
        </div>
        <div
          class="my-10 flex flex-col md:flex-row justify-items-center items-center"
        >
          <a
            href="/ghost-town"
          >
            <button
              class="bg-transparent hover:bg-primary-light text-white font-semibold hover:text-white py-4 px-14 border-4 border-primary-light hover:border-transparent rounded-full"
            >
              <p
                class="text-3xl"
              >
                Let's Start
              </p>
            </button>
          </a>
        </div>
      </div>
    </section>
  </div>
</div>
`;
