// Jest Snapshot v1, https://goo.gl/fbAQLP

exports[`pages >> Register should render the Register page properly: Register-default 1`] = `
<div>
  <div
    aria-live="assertive"
    class="pointer-events-none fixed inset-0 flex items-end px-4 py-6 sm:items-start sm:p-6"
  >
    <div
      class="flex w-full flex-col items-center space-y-4 sm:items-end"
    />
  </div>
  <div
    class="relative overflow-hidden bg-background lg:flex lg:justify-center"
  >
    <section
      class="h-screen font-josefin lg:w-4/5 lg:max-w-screen-2xl"
    >
      <div
        class="px-6 py-8 md:py-0 h-full"
      >
        <header
          class="mt-4 ml-4"
        >
          <a
            href="#"
          >
            <div
              class="flex flex-row items-center justify-items-center"
            >
              <svg
                class="h-10 w-10"
                fill="white"
                stroke="white"
                viewBox="0 0 219.151 219.151"
              >
                <g>
                  <path
                    d="M109.576,219.151c60.419,0,109.573-49.156,109.573-109.576C219.149,49.156,169.995,0,109.576,0S0.002,49.156,0.002,109.575 C0.002,169.995,49.157,219.151,109.576,219.151z M109.576,15c52.148,0,94.573,42.426,94.574,94.575 c0,52.149-42.425,94.575-94.574,94.576c-52.148-0.001-94.573-42.427-94.573-94.577C15.003,57.427,57.428,15,109.576,15z"
                  />
                  <path
                    d="M94.861,156.507c2.929,2.928,7.678,2.927,10.606,0c2.93-2.93,2.93-7.678-0.001-10.608l-28.82-28.819l83.457-0.008 c4.142-0.001,7.499-3.358,7.499-7.502c-0.001-4.142-3.358-7.498-7.5-7.498l-83.46,0.008l28.827-28.825 c2.929-2.929,2.929-7.679,0-10.607c-1.465-1.464-3.384-2.197-5.304-2.197c-1.919,0-3.838,0.733-5.303,2.196l-41.629,41.628 c-1.407,1.406-2.197,3.313-2.197,5.303c0.001,1.99,0.791,3.896,2.198,5.305L94.861,156.507z"
                  />
                </g>
              </svg>
              <span
                class="text-white text-xl ml-2"
              >
                Return
              </span>
            </div>
          </a>
        </header>
        <div
          class="flex xl:justify-center lg:justify-between justify-center items-center flex-wrap h-full g-6"
        >
          <div
            class="hidden grow-0 shrink-1 md:shrink-0 basis-auto xl:w-4/12 lg:w-6/12 md:w-9/12 mb-12 md:mb-0 md:flex items-center justify-center"
          >
            <img
              alt="Ghost Logo"
              data-nimg="1"
              decoding="async"
              height="389"
              loading="lazy"
              src="/_next/image?url=%2Fimg%2Flogin-logo.png&w=640&q=75"
              srcset="/_next/image?url=%2Fimg%2Flogin-logo.png&w=384&q=75 1x, /_next/image?url=%2Fimg%2Flogin-logo.png&w=640&q=75 2x"
              style="color: transparent;"
              width="266"
            />
          </div>
          <div
            class="xl:ml-20 xl:w-4/12 lg:w-4/12 md:w-8/12 mb-12 md:mb-0"
          >
            <form>
              <p
                class="text-3xl text-white mb-2 mr-4"
              >
                Create Accooooount
              </p>
              <button
                aria-label="twitter"
                class="inline-block p-3 bg-primary-light text-white font-medium text-xs leading-tight uppercase rounded-full shadow-md hover:bg-primary-dark hover:shadow-lg focus:bg-primary focus:shadow-lg focus:outline-none focus:ring-0 active:bg-primary active:shadow-lg transition duration-150 ease-in-out mx-1"
                data-mdb-ripple="true"
                data-mdb-ripple-color="light"
                name="twitter"
                type="button"
              >
                <svg
                  class="w-4 h-4"
                  viewBox="0 0 512 512"
                  xmlns="http://www.w3.org/2000/svg"
                >
                  <path
                    d="M459.37 151.716c.325 4.548.325 9.097.325 13.645 0 138.72-105.583 298.558-298.558 298.558-59.452 0-114.68-17.219-161.137-47.106 8.447.974 16.568 1.299 25.34 1.299 49.055 0 94.213-16.568 130.274-44.832-46.132-.975-84.792-31.188-98.112-72.772 6.498.974 12.995 1.624 19.818 1.624 9.421 0 18.843-1.3 27.614-3.573-48.081-9.747-84.143-51.98-84.143-102.985v-1.299c13.969 7.797 30.214 12.67 47.431 13.319-28.264-18.843-46.781-51.005-46.781-87.391 0-19.492 5.197-37.36 14.294-52.954 51.655 63.675 129.3 105.258 216.365 109.807-1.624-7.797-2.599-15.918-2.599-24.04 0-57.828 46.782-104.934 104.934-104.934 30.213 0 57.502 12.67 76.67 33.137 23.715-4.548 46.456-13.32 66.599-25.34-7.798 24.366-24.366 44.833-46.132 57.827 21.117-2.273 41.584-8.122 60.426-16.243-14.292 20.791-32.161 39.308-52.628 54.253z"
                    fill="currentColor"
                  />
                </svg>
              </button>
              <button
                aria-label="google"
                class="inline-block p-3 bg-primary-light text-white font-medium text-xs leading-tight uppercase rounded-full shadow-md hover:bg-primary-dark hover:shadow-lg focus:bg-primary focus:shadow-lg focus:outline-none focus:ring-0 active:bg-primary active:shadow-lg transition duration-150 ease-in-out mx-1"
                data-mdb-ripple="true"
                data-mdb-ripple-color="light"
                name="google"
                type="button"
              >
                <svg
                  class="w-4 h-4"
                  viewBox="0 0 1024 1024"
                  xmlns="http://www.w3.org/2000/svg"
                >
                  <path
                    d="M881 442.4H519.7v148.5h206.4c-8.9 48-35.9 88.6-76.6 115.8-34.4 23-78.3 36.6-129.9 36.6-99.9 0-184.4-67.5-214.6-158.2-7.6-23-12-47.6-12-72.9s4.4-49.9 12-72.9c30.3-90.6 114.8-158.1 214.7-158.1 56.3 0 106.8 19.4 146.6 57.4l110-110.1c-66.5-62-153.2-100-256.6-100-149.9 0-279.6 86-342.7 211.4-26 51.8-40.8 110.4-40.8 172.4S151 632.8 177 684.6C240.1 810 369.8 896 519.7 896c103.6 0 190.4-34.4 253.8-93 72.5-66.8 114.4-165.2 114.4-282.1 0-27.2-2.4-53.3-6.9-78.5z"
                    fill="currentColor"
                  />
                </svg>
              </button>
              <div
                class="flex items-center justify-center my-4 before:flex-1 before:border-t before:border-gray-300 before:mt-0.5 after:flex-1 after:border-t after:border-gray-300 after:mt-0.5"
              >
                <p
                  class="text-white text-center font-semibold mx-4 mb-0"
                >
                  Or
                </p>
              </div>
              <div
                class="mb-6"
              >
                <input
                  class="form-control block w-full px-4 py-2 text-xl font-normal text-gray-700 bg-white bg-clip-padding border border-solid border-gray-300 rounded transition ease-in-out m-0 focus:text-gray-700 focus:bg-white focus:border-blue-600 focus:outline-none"
                  name="name"
                  placeholder="Name"
                  type="text"
                  value=""
                />
              </div>
              <div
                class="mb-6"
              >
                <input
                  class="form-control block w-full px-4 py-2 text-xl font-normal text-gray-700 bg-white bg-clip-padding border border-solid border-gray-300 rounded transition ease-in-out m-0 focus:text-gray-700 focus:bg-white focus:border-blue-600 focus:outline-none"
                  name="email"
                  placeholder="Email address"
                  type="text"
                  value=""
                />
              </div>
              <div
                class="mb-6"
              >
                <input
                  class="form-control block w-full px-4 py-2 text-xl font-normal text-gray-700 bg-white bg-clip-padding border border-solid border-gray-300 rounded transition ease-in-out m-0 focus:text-gray-700 focus:bg-white focus:border-blue-600 focus:outline-none"
                  name="password"
                  placeholder="Password"
                  type="password"
                  value=""
                />
              </div>
              <p
                class="text-lg text-white font-semibold mt-4 pt-1"
              >
                Already have an account? 
                <a
                  class="text-primary-light hover:text-primary-dark focus:text-primary transition duration-200 ease-in-out"
                  href="#"
                >
                   Log In
                </a>
              </p>
              <div
                class="text-center lg:text-left mt-4"
              >
                <button
                  class="inline-block px-7 py-3 bg-primary-light text-white font-medium text-sm leading-snug uppercase rounded shadow-md hover:bg-primary-dark hover:shadow-lg focus:bg-primary focus:shadow-lg focus:outline-none focus:ring-0 active:bg-blue-800 active:shadow-lg transition duration-150 ease-in-out"
                  type="submit"
                >
                  START
                </button>
              </div>
            </form>
          </div>
        </div>
      </div>
    </section>
  </div>
</div>
`;
